cd Git_Exercises
add exercises.txt
git add exercises.txt
git status
git commit -m "the first"
git config -- user.name "Andrew"
git commit -m "the first"
git log
sudo apt-get update
sudo apt-get install -y gnome-keyring
dpkg --print architecture
dpkg --print-architecture
--bash-edition
git--version
git-version
git -version
sudo apt-get install git
git --version
ls
ls 
cd
mkrpa hey
cd~
cd ~
ls
mkdir first
cd Desktop/
cd My Files/
cd Home/
mkdir did this work?
cd home/
cd Desktop/
mkdir Git_Exercises
cd Git_Exercises
git init
git init New
git branch -m <main>
git init
git branch 
git branch main
touch exercises.txt
git status
git add exercises.txt
git commit -m MESSAGE
git branch -m main
git status
git commit -m MESSAGE
git config --global user.name Andrew
git commit -m MESSAGE
git log 
git add exercises.txt
commit -m MESSAGE
git commit -m MESSAGE
git config --user.email thebuffylow@gmail.com
git log
git commit -m My First Commit 
git commit 
git config user.name Andrew
git user.name
git status
git add exercises.txt
git commit -m "My First Commit"
git config --global user.name "Andrew"
git commit -m "The First"
git config --global user.email "thebuffylow@penguin" git config --global user.name "Buffylow"
git commit -m "the first"
git config --global user.email "thebuffylow@penguin" git config --global user.name "Buffylow"
cd
git config --global user.name " Andrew "
git config --global user.email "thebuffylow@gmail.com"
git log
cd Git_Exercises
git log 
add exercises.txt
git add exercises.txt 
git commit -m "The first"
git satus
git status
git add New/ 
git log 
[200~$ git clone https://github.com/username/repo.git
Username: your_username
Password: your_token~$ git clone https://github.com/username/repo.git
Username: your_username
Password: your_token
[200~$ git clone https://github.com/username/repo.git
Username: your_username
Password: your_token~$ git clone https://github.com/username/repo.git
Username: your_username
Password: your_token$ git clone https://github.com/username/repo.git
Username: your_username
Password: your_token$ git clone https://github.com/username/repo.git
Username: your_username
Password: your_token$ git clone https://github.com/username/repo.git
Username: your_username
Password: your_token$ git clone https://github.com/username/repo.git
Username: your_username
Password: your_token$ git clone https://github.com/username/repo.git
Username: your_username
Password: your_token$ git clone https://github.com/username/repo.git
Username: your_username
Password: your_token
git remote add origin https://github.com/buffylow/LC101.git
git branch -M main
git push -u origin main
https://github.blog/2020-12-15-token-authentication-requirements-for-git-operations/$ git config credential.helper 'cache --timeout=3600'
$ git config credential.helper 'cache --timeout=3600'
git remote add origin https://github.com/buffylow/LC101.git
git branch -M main
git push -u origin main
$ git clone https://github.com/username/repo.git
Username: your_username
Password: your_token
$ git clone https://github.com/username/repo.git
Username: your_username
Password:  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 
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 
git remote add origin https://github.com/buffylow/LC101.git
git branch -M main
git push -u origin maingit remote add origin https://github.com/buffylow/LC101.git
git branch -M main
git push -u origin main
git remote add origin https://github.com/buffylow/LC101.git
git branch -M main
git push -u origin main
git remote add origin https://github.com/buffylow/LC101.git
git branch -M main
git push -u origin main
$ ssh-keygen -t ed25519 -C "https://github.com/buffylow"
$ eval "$(ssh-agent -s)"
> Agent pid 59566
sudo -s -H "$(ssh-agent -s)" > Agent pid 595566
$ ssh-add ~/.ssh/id_ed25519
Username: your_username
cat ~/.ssh/id_ed25519.pub
ssh -T git@github.com
cd boner 
cd new directroy
cd mkdir
mkdir boner 
cd boner 
Im a little teapot short 
cd .txt
[200~echo "# communication-log" >> README.md
git init
git add README.md
git commit -m "first commit"
git branch -M main
git remote add origin https://github.com/buffylow/communication-log.git
git push -u origin mai
~echo "# communication-log" >> README.md
git init
git add README.md
git commit -m "first commit"
git branch -M main
git remote add origin https://github.com/buffylow/communication-log.git
git push -u origin mai
echo "# communication-log" >> README.md
git init
git add README.md
git commit -m "first commit"
git branch -M main
git remote add origin https://github.com/buffylow/communication-log.git
git push -u origin main
git add 
[200~git remote add origin https://github.com/buffylow/communication-log.git
git branch -M main
git push -u origin main~
git add communication-log 
echo "# communication-log" >> README.md
git init
git add README.md
git commit -m "first commit"
git branch -M main
git remote add origin git@github.com:buffylow/communication-log.git
git push -u origin main
[200~$ mkdir communication-log-ROLE
$ cd communication-log-ROLE
$ git init~$ mkdir communication-log-ROLE
$ cd communication-log-ROLE
$ git init
cd index.html
cd communication-log
cd communication-log-ROLE
cd communication-log-ROLE
mkdir index.html
cd index.html 
git status
On branch main
Initial commit
git add .
$ git status
On branch main
Initial commit
cd
git add .
$ git status
On branch main
Initial commit
git rm --cached Git_Exercises
$ git add .
$ git status
On branch main
$ git add .
echo "# communication-log" >> README.md
git init
git add README.md
git commit -m "first commit"
git branch -M main
git remote add origin git@github.com:buffylow/communication-log.git
git push -u origin main
echo "# communication-log" >> README.md
git init
git add README.md
git commit -m "first commit"
git branch -M main
git remote add origin git@github.com:buffylow/communication-log.git
git push -u origin main
git remote add origin git@github.com:buffylow/communication-log.git
git branch -M main
git push -u origin main
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 
echo "# communication-log" >> README.md
git init
git add README.md
git commit -m "first commit"
git branch -M main
git remote add origin git@github.com:buffylow/communication-log.git
git push -u origin main
cd communication-log-role
git status
cd communication-log-ROLE
git status
git add
git status
git add .
git status 
git commit -m "Started communication log."
git branch
git branch -m default_name main
git branch -m default_name main.
git branch -m default_name main
git remote add origin https://github.com/buffylow/communication-log.git
git branch -M main
git push -u origin main
cd
git clone https://github.com/username/communication-log.git
git clone https://github.com/T12av1S/log-communication-control.git
[200~git remote add origin https://github.com/buffylow/buffylow.git
git branch -M main
git push -u origin main~
git remote add origin https://github.com/buffylow/buffylow.git
git branch -M main
git push -u origin main
cd
git clone https://github.com/Stl-LC101-MAY-2022/js-assignment-4-html-me-something-buffylow.git
cd
git clone https://github.com/buffylow/DOM-and-Events-Studio.git
git add index.html
$ git commit -m "Finished work on HTML page"
git add index.html
git status
git push
cd images
git push
git add index.html git commit -m "photo link test"
git commit "tst"
git status 
git commit -m "tst"
git commit -m "jpg"
git commit -m "uppercase Image"
git add index.html
git add
git status 
../
.
./
cd
cd /LC101/js-assignment-4-html-me-something-buffylow/
cd LC101/js-assignment-4-html-me-something-buffylow/
git commit -m "image"
git add index.html
git commit -m "image stuff"
git status 
git push
git push 
git add
git add commit 
git satus 
git status 
git add
git status
git push
git push 
touch [200~fetch_planets.html~
touch fetch_planets.html
git clone https://github.com/buffylow/Fetch-and-JSON-Studio.git
node -v
node
type node -v
npm -v
status
git status
git commit -file update 
git commit --file update 
cd
node -v
sudo apt install curl
curl -fsSL https://deb.nodesource.com/setup_14.x | sudo -E bash -
sudo apt-get install -y nodejs
Node --version
node --version
npm --version
sudo npm install -g n
sudo n latest
node --version
hash -r
node --version
git clone https://github.com/buffylow/typescript-lc101-projects.git
ls
cd typescript-lc101-projects
cd exercises
ls
tsc parts1-5.ts
cd
npm install typescript -g
cd
npm install typescript -g
root/Admininstrator
npm install typescript --save-dev
tsc -v
npx tsc
tsc -v
tsc 
tsc -v 
npm install -g typescript
sudo npm install -g typescript
sudo  npm install -g npm@8.15.0
tsc -v
/lc101
~/typescript-lc101-projects/exercises
/~/typescript-lc101-projects/exercises
/typescript-lc101-projects/exercises
cd typescript-lc101-projects
cd exercises
tsc parts1-5.ts
cd
git clone https://github.com/Stl-LC101-MAY-2022/js-assignment-5-launch-checklist-buffylow.git
