cd Git_Exercises
add exercises.txt
git add exercises.txt
git status
git commit -m "the first"
git config -- user.name "Andrew"
git commit -m "the first"
git log
sudo apt-get update
sudo apt-get install -y gnome-keyring
dpkg --print architecture
dpkg --print-architecture
--bash-edition
git--version
git-version
git -version
sudo apt-get install git
git --version
ls
ls 
cd
mkrpa hey
cd~
cd ~
ls
mkdir first
cd Desktop/
cd My Files/
cd Home/
mkdir did this work?
cd home/
cd Desktop/
mkdir Git_Exercises
cd Git_Exercises
git init
git init New
git branch -m <main>
git init
git branch 
git branch main
touch exercises.txt
git status
git add exercises.txt
git commit -m MESSAGE
git branch -m main
git status
git commit -m MESSAGE
git config --global user.name Andrew
git commit -m MESSAGE
git log 
git add exercises.txt
commit -m MESSAGE
git commit -m MESSAGE
git config --user.email thebuffylow@gmail.com
git log
git commit -m My First Commit 
git commit 
git config user.name Andrew
git user.name
git status
git add exercises.txt
git commit -m "My First Commit"
git config --global user.name "Andrew"
git commit -m "The First"
git config --global user.email "thebuffylow@penguin" git config --global user.name "Buffylow"
git commit -m "the first"
git config --global user.email "thebuffylow@penguin" git config --global user.name "Buffylow"
cd
git config --global user.name " Andrew "
git config --global user.email "thebuffylow@gmail.com"
git log
cd Git_Exercises
git log 
add exercises.txt
git add exercises.txt 
git commit -m "The first"
git satus
git status
git add New/ 
git log 
[200~$ git clone https://github.com/username/repo.git
Username: your_username
Password: your_token~$ git clone https://github.com/username/repo.git
Username: your_username
Password: your_token
[200~$ git clone https://github.com/username/repo.git
Username: your_username
Password: your_token~$ git clone https://github.com/username/repo.git
Username: your_username
Password: your_token$ git clone https://github.com/username/repo.git
Username: your_username
Password: your_token$ git clone https://github.com/username/repo.git
Username: your_username
Password: your_token$ git clone https://github.com/username/repo.git
Username: your_username
Password: your_token$ git clone https://github.com/username/repo.git
Username: your_username
Password: your_token$ git clone https://github.com/username/repo.git
Username: your_username
Password: your_token$ git clone https://github.com/username/repo.git
Username: your_username
Password: your_token
git remote add origin https://github.com/buffylow/LC101.git
git branch -M main
git push -u origin main
https://github.blog/2020-12-15-token-authentication-requirements-for-git-operations/$ git config credential.helper 'cache --timeout=3600'
$ git config credential.helper 'cache --timeout=3600'
git remote add origin https://github.com/buffylow/LC101.git
git branch -M main
git push -u origin main
$ git clone https://github.com/username/repo.git
Username: your_username
Password: your_token
$ git clone https://github.com/username/repo.git
Username: your_username
Password:  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 
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 
git remote add origin https://github.com/buffylow/LC101.git
git branch -M main
git push -u origin maingit remote add origin https://github.com/buffylow/LC101.git
git branch -M main
git push -u origin main
git remote add origin https://github.com/buffylow/LC101.git
git branch -M main
git push -u origin main
git remote add origin https://github.com/buffylow/LC101.git
git branch -M main
git push -u origin main
$ ssh-keygen -t ed25519 -C "https://github.com/buffylow"
$ eval "$(ssh-agent -s)"
> Agent pid 59566
sudo -s -H "$(ssh-agent -s)" > Agent pid 595566
$ ssh-add ~/.ssh/id_ed25519
Username: your_username
cat ~/.ssh/id_ed25519.pub
ssh -T git@github.com
cd boner 
cd new directroy
cd mkdir
mkdir boner 
cd boner 
Im a little teapot short 
cd .txt
[200~echo "# communication-log" >> README.md
git init
git add README.md
git commit -m "first commit"
git branch -M main
git remote add origin https://github.com/buffylow/communication-log.git
git push -u origin mai
~echo "# communication-log" >> README.md
git init
git add README.md
git commit -m "first commit"
git branch -M main
git remote add origin https://github.com/buffylow/communication-log.git
git push -u origin mai
echo "# communication-log" >> README.md
git init
git add README.md
git commit -m "first commit"
git branch -M main
git remote add origin https://github.com/buffylow/communication-log.git
git push -u origin main
git add 
[200~git remote add origin https://github.com/buffylow/communication-log.git
git branch -M main
git push -u origin main~
git add communication-log 
echo "# communication-log" >> README.md
git init
git add README.md
git commit -m "first commit"
git branch -M main
git remote add origin git@github.com:buffylow/communication-log.git
git push -u origin main
[200~$ mkdir communication-log-ROLE
$ cd communication-log-ROLE
$ git init~$ mkdir communication-log-ROLE
$ cd communication-log-ROLE
$ git init
cd index.html
cd communication-log
cd communication-log-ROLE
cd communication-log-ROLE
mkdir index.html
cd index.html 
git status
On branch main
Initial commit
git add .
$ git status
On branch main
Initial commit
cd
git add .
$ git status
On branch main
Initial commit
git rm --cached Git_Exercises
$ git add .
$ git status
On branch main
$ git add .
echo "# communication-log" >> README.md
git init
git add README.md
git commit -m "first commit"
git branch -M main
git remote add origin git@github.com:buffylow/communication-log.git
git push -u origin main
echo "# communication-log" >> README.md
git init
git add README.md
git commit -m "first commit"
git branch -M main
git remote add origin git@github.com:buffylow/communication-log.git
git push -u origin main
git remote add origin git@github.com:buffylow/communication-log.git
git branch -M main
git push -u origin main
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 
echo "# communication-log" >> README.md
git init
git add README.md
git commit -m "first commit"
git branch -M main
git remote add origin git@github.com:buffylow/communication-log.git
git push -u origin main
cd communication-log-role
git status
cd communication-log-ROLE
git status
git add
git status
git add .
git status 
git commit -m "Started communication log."
git branch
git branch -m default_name main
git branch -m default_name main.
git branch -m default_name main
git remote add origin https://github.com/buffylow/communication-log.git
git branch -M main
git push -u origin main
cd
git clone https://github.com/username/communication-log.git
git clone https://github.com/T12av1S/log-communication-control.git
[200~git remote add origin https://github.com/buffylow/buffylow.git
git branch -M main
git push -u origin main~
git remote add origin https://github.com/buffylow/buffylow.git
git branch -M main
git push -u origin main
cd
git clone https://github.com/Stl-LC101-MAY-2022/js-assignment-4-html-me-something-buffylow.git
cd
git clone https://github.com/buffylow/DOM-and-Events-Studio.git
git add index.html
$ git commit -m "Finished work on HTML page"
git add index.html
git status
git push
cd images
git push
git add index.html git commit -m "photo link test"
git commit "tst"
git status 
git commit -m "tst"
git commit -m "jpg"
git commit -m "uppercase Image"
git add index.html
git add
git status 
../
.
./
cd
cd /LC101/js-assignment-4-html-me-something-buffylow/
cd LC101/js-assignment-4-html-me-something-buffylow/
git commit -m "image"
git add index.html
git commit -m "image stuff"
git status 
git push
git push 
git add
git add commit 
git satus 
git status 
git add
git status
git push
git push 
touch [200~fetch_planets.html~
touch fetch_planets.html
git clone https://github.com/buffylow/Fetch-and-JSON-Studio.git
node -v
node
type node -v
npm -v
status
git status
git commit -file update 
git commit --file update 
cd
node -v
sudo apt install curl
curl -fsSL https://deb.nodesource.com/setup_14.x | sudo -E bash -
sudo apt-get install -y nodejs
Node --version
node --version
npm --version
sudo npm install -g n
sudo n latest
node --version
hash -r
node --version
git clone https://github.com/buffylow/typescript-lc101-projects.git
ls
cd typescript-lc101-projects
cd exercises
ls
tsc parts1-5.ts
cd
npm install typescript -g
cd
npm install typescript -g
root/Admininstrator
npm install typescript --save-dev
tsc -v
npx tsc
tsc -v
tsc 
tsc -v 
npm install -g typescript
sudo npm install -g typescript
sudo  npm install -g npm@8.15.0
tsc -v
/lc101
~/typescript-lc101-projects/exercises
/~/typescript-lc101-projects/exercises
/typescript-lc101-projects/exercises
cd typescript-lc101-projects
cd exercises
tsc parts1-5.ts
cd
git clone https://github.com/Stl-LC101-MAY-2022/js-assignment-5-launch-checklist-buffylow.git
cd LC101
/LC101
~
cd
/LC101
~Lc101
ls LC101
git clone https://github.com/buffylow/angular-lc101-projects.git
cd
npm install -g @angular/cli@8.2.2
sudo npm install -g @angular/cli@8.2.2
npm audit fix --force
npm i --package-lock-only
ng generate 
ng new heyhey
cd
sudo npm install -g @angular/cli@latest
ng new
cd
ng new
ng new --force
ng -v
ng -version
ng new
npm install --legacy-peer-deps
sudo npm install --legacy-peer-deps
npm install --legacy-peer-deps
ng new 
npm install -g npm@latest 
sudo npm install -g npm@latest 
npm audit
ng new 
ng new --skip-install
Open package.json and bump jasmine-core to `~3.8.0`
npm i
ng new
ng generate
ng new
ng generate
ls hello
/hello
cd
/hello
cd
ng new
cat test
~test
cd test
ng generate
ng version
ng generate test file 
ng generate test_file
ng generate file test_file 
ng generate file hey 
ng generate component test
cd buffylow
mkdir angular_practice
cd angular_practice
ng new 1stProject
cd test
cd
cd test
cd angular_practice
ng new projectone
cd
cd test
cd angular_practice
ng new projectone
ng new 
ng new 
npm install -g @angular/cli.
sudo npm install -g @angular/cli.
ng v
cd angular_practice
sudo npm install -g @angular/cli@latest
ng new 
cd 
ng new 
cd projectone
ng serve
pwd angular-lc101-projects
cd angular_lc101-projects
cd
ls angular-lc101-projects
/exercises
ls
cd exercises
ng serve
npm install
ng serve
cd
ng new angular-studio-part1
ls
cd angular-studio-part1
pwd
npm install
ng serve
git commit - add studio 1
git log
ng serve 
ls
cd src
ls
cd app
ng g component header
ng serve
ng g component crew
ng g component equipment 
ng serve 
ng g component experiments
hg serve 
ng serve 
[200~echo "# Angular-Studios" >> README.md
git init
git add README.md
git commit -m "first commit"
git branch -M main
git remote add origin https://github.com/buffylow/Angular-Studios.git
git push -u origin main~
git clone [200~https://github.com/buffylow/Angular-Studios.git~
git clone https://github.com/buffylow/Angular-Studios.git
cd
git clone https://github.com/buffylow/Angular-Studios.git
ls
git remote add origin https://github.com/buffylow/Angular-Studios.git
git branch -M main
git push -u origin main
git commit
git push
git add -m cmmit
git add new cmmit 
git status
git commit -a 
git commit -a 'new commit'
git commit -a 
git status 
[200~git remote add origin https://github.com/buffylow/Angular-Studios.git
git branch -M main
git remote add origin https://github.com/buffylow/Angular-Studios.git
git branch -M main
git push -u origin main
git branch -M main
git push -u origin main
ng serve
ls
cd angular-studio-part1
ng serve
cd
git clone https://github.com/Stl-LC101-MAY-2022/js-assignment-6-orbit-report-buffylow.git
ls
cd js-assignment-6-orbit-report-buffylow
npm install
npm audit fix --force
ng serve
ls
cd src
ls
cd app
ng serve
cd
ls
git branch
git branch solutions
ls
cd examples
ls
cd ngfor-practice
npm install
ng serve
ls
cd src
ls
cd app
ng serve
npm install
npm audit fix --force
npm audit fix
ng serve
ng serve --prod
ng serve
ng serve 
ng serve
npm install
ng serve
sudo npm install
npm install
npm install --force
npm audit fix 
ng serve
ng test
ng serve
ls
angular-studio-part1
ls angular-studio-part1
cd src
ls
cd angulat-studio-part1
ls
cd angular-studio-part1
ls
cd src
ls
cd app
ng serve
cd
git clone https://github.com/buffylow/angular-lc101-projects.git
npm install
ls
cd lesson2
ls
cd exercises
ls
cd src
ls
cd app
ng serve
npm install
ng serve
npm install 
npm audit fix --force
npm audit fix
ng serve
npm audit fix --legacy-peer-deps
npm audit fix 
ng serve
cd
npm install --save core-js@^3
cd /angular-lc101-projects/lesson2/exercises/src/app
cd angular-lc101-projects
ls
cd lesson2
ls
cd examples
npm install
ls
cd ngfor-practice
ls
cd src
ls
cd app
npm install
ng serve
cd
sudo npm install g -n 
sudo npm install g -n v16.9.0
sudo npm install g -n 16.9.0
sudo apt-get remove nodejs
sudo npm install node.js@16.11.0 
sudo  apt-get install nodejs=16.11.0-1chl1~precise1
npm install -g node@14.15.1
sudo npm install -g node@14.15.1
sudo npm uninstall npm -g
node -v
npm -v
[200~sudo apt install nodejs~
sudo apt install nodejs
npm install -g node@14.15.1
nmp install
npm install
cd
sudo rm -rf /usr/local/lib/node*
node -v
npm -v
npm install
sudo npm install -g node@14.15.1
sudo chown -R 65534:1000 "/root/.npm"
node -v
sudo npm install -g node@14.15.1
sudo chown -R 65534:1000 "/root/.npm"
sudo apt-get purge --auto-remove nodejs
cd
node -v
npm -v
npm install
sudo npm sital
sudo npm install -g npm
curl -o- https://raw.githubusercontent.com/nvm-sh/nvm/v0.39.1/install.sh | bash
cd
node -v
nvm uninstall 18.6.0
nvm install 'lts/*'
nvm alias default node 
node -v
npm -v
ls
cd angular-lc101-projects
ls
cd
cd angular-lc101-projects
ls
cd lesson 2
ls
cd lesson2
ls
cd examples
ls
cd ngfor-practice
ls
cd src 
ls
cd app
npm install
ng serve 
npm install -g @angular/cli@12
ng serve
cd
git clone https://github.com/Stl-LC101-MAY-2022/js-assignment-6-orbit-report-buffylow.git
git commit -orbit list added 
git commit
git status
git add
git status
git commit -a
git commit -a ordbit list
git commit -orbit list 
git commit -a orbit_list
git commit -a
npm install
cd
git status
git status'
git status

git status
git push 
ls
cd js-assignment-6-orbit-report-buffylow
ls
cd js-assignment-6-orbit-report-buffylow
ls
cd src
ls
cd app
npm install
ng serve
git push
git commit -a
git commit
git restore 
git oush
git push
git branch
ls
cd angular-lc101-projects
ls
cd lesson 3 
cdlesson3
cd lesson3
ls
cd examples
npm install
ng serve
cd lesson3
cd angular-lc101-projects/lesson3
cd angular-lc101-projects
cd
ls
cd angular-lc101-projects
ls
cd lesson3
ls
cd exercises
npm install 
ng serve 
cd
ls
cd angular-lc101-projects
ls
cd lesson 3
ls
cd lesson3
ls
cd examples
ng serve
cd
rdir
rmdir
rmdir -f angular-lc101-projects
rmdir angular-lc101-projects
ls
rm rf- angular-lc101-projects
rm-rf angular-lc101-projects
ls 
cd LC101
ls
cd js-assignment-6-orbit-report-buffylow
git clone 
npm install
cd
git clone https://github.com/Stl-LC101-MAY-2022/js-assignment-6-orbit-report-buffylow.git
git push
git pull
